Archive member included because of file (symbol)

c:/iti folder/imt_sdk_win_64/winavr/bin/../lib/gcc/avr/4.3.3/avr5\libgcc.a(_udivmodsi4.o)
                              ./MCAL/UART/MUART_Source.o (__udivmodsi4)
c:/iti folder/imt_sdk_win_64/winavr/bin/../lib/gcc/avr/4.3.3/avr5\libgcc.a(_exit.o)
                              c:/iti folder/imt_sdk_win_64/winavr/bin/../lib/gcc/avr/4.3.3/../../../../avr/lib/avr5/crtm32.o (exit)
c:/iti folder/imt_sdk_win_64/winavr/bin/../lib/gcc/avr/4.3.3/avr5\libgcc.a(_copy_data.o)
                              ./SERVICE/BCM/bcm_Config.o (__do_copy_data)
c:/iti folder/imt_sdk_win_64/winavr/bin/../lib/gcc/avr/4.3.3/avr5\libgcc.a(_clear_bss.o)
                              ./SERVICE/BCM/bcm_Program.o (__do_clear_bss)
c:/iti folder/imt_sdk_win_64/winavr/bin/../lib/gcc/avr/4.3.3/avr5\libgcc.a(_fixunssfsi.o)
                              ./SERVICE/BCM/bcm_Program.o (__fixunssfsi)
c:/iti folder/imt_sdk_win_64/winavr/bin/../lib/gcc/avr/4.3.3/avr5\libgcc.a(_addsub_sf.o)
                              c:/iti folder/imt_sdk_win_64/winavr/bin/../lib/gcc/avr/4.3.3/avr5\libgcc.a(_fixunssfsi.o) (__subsf3)
c:/iti folder/imt_sdk_win_64/winavr/bin/../lib/gcc/avr/4.3.3/avr5\libgcc.a(_mul_sf.o)
                              ./SERVICE/BCM/bcm_Program.o (__mulsf3)
c:/iti folder/imt_sdk_win_64/winavr/bin/../lib/gcc/avr/4.3.3/avr5\libgcc.a(_gt_sf.o)
                              ./SERVICE/BCM/bcm_Program.o (__gtsf2)
c:/iti folder/imt_sdk_win_64/winavr/bin/../lib/gcc/avr/4.3.3/avr5\libgcc.a(_ge_sf.o)
                              c:/iti folder/imt_sdk_win_64/winavr/bin/../lib/gcc/avr/4.3.3/avr5\libgcc.a(_fixunssfsi.o) (__gesf2)
c:/iti folder/imt_sdk_win_64/winavr/bin/../lib/gcc/avr/4.3.3/avr5\libgcc.a(_lt_sf.o)
                              ./SERVICE/BCM/bcm_Program.o (__ltsf2)
c:/iti folder/imt_sdk_win_64/winavr/bin/../lib/gcc/avr/4.3.3/avr5\libgcc.a(_sf_to_si.o)
                              c:/iti folder/imt_sdk_win_64/winavr/bin/../lib/gcc/avr/4.3.3/avr5\libgcc.a(_fixunssfsi.o) (__fixsfsi)
c:/iti folder/imt_sdk_win_64/winavr/bin/../lib/gcc/avr/4.3.3/avr5\libgcc.a(_thenan_sf.o)
                              c:/iti folder/imt_sdk_win_64/winavr/bin/../lib/gcc/avr/4.3.3/avr5\libgcc.a(_addsub_sf.o) (__thenan_sf)
c:/iti folder/imt_sdk_win_64/winavr/bin/../lib/gcc/avr/4.3.3/avr5\libgcc.a(_prologue.o)
                              c:/iti folder/imt_sdk_win_64/winavr/bin/../lib/gcc/avr/4.3.3/avr5\libgcc.a(_addsub_sf.o) (__prologue_saves__)
c:/iti folder/imt_sdk_win_64/winavr/bin/../lib/gcc/avr/4.3.3/avr5\libgcc.a(_epilogue.o)
                              c:/iti folder/imt_sdk_win_64/winavr/bin/../lib/gcc/avr/4.3.3/avr5\libgcc.a(_addsub_sf.o) (__epilogue_restores__)
c:/iti folder/imt_sdk_win_64/winavr/bin/../lib/gcc/avr/4.3.3/avr5\libgcc.a(_pack_sf.o)
                              c:/iti folder/imt_sdk_win_64/winavr/bin/../lib/gcc/avr/4.3.3/avr5\libgcc.a(_addsub_sf.o) (__pack_f)
c:/iti folder/imt_sdk_win_64/winavr/bin/../lib/gcc/avr/4.3.3/avr5\libgcc.a(_unpack_sf.o)
                              c:/iti folder/imt_sdk_win_64/winavr/bin/../lib/gcc/avr/4.3.3/avr5\libgcc.a(_addsub_sf.o) (__unpack_f)
c:/iti folder/imt_sdk_win_64/winavr/bin/../lib/gcc/avr/4.3.3/avr5\libgcc.a(_fpcmp_parts_sf.o)
                              c:/iti folder/imt_sdk_win_64/winavr/bin/../lib/gcc/avr/4.3.3/avr5\libgcc.a(_gt_sf.o) (__fpcmp_parts_f)
c:/iti folder/imt_sdk_win_64/winavr/bin/../lib/gcc/avr/4.3.3/../../../../avr/lib/avr5\libc.a(strcpy.o)
                              ./MCAL/UART/MUART_Source.o (strcpy)

Allocating common symbols
Common symbol       size              file

g_p_u8_rx_string_buffer
                    0x1e              ./MCAL/UART/MUART_Source.o
g_p_u8_string       0x1e              ./MCAL/UART/MUART_Source.o

Memory Configuration

Name             Origin             Length             Attributes
text             0x00000000         0x00020000         xr
data             0x00800060         0x0000ffa0         rw !x
eeprom           0x00810000         0x00010000         rw !x
fuse             0x00820000         0x00000400         rw !x
lock             0x00830000         0x00000400         rw !x
signature        0x00840000         0x00000400         rw !x
*default*        0x00000000         0xffffffff

Linker script and memory map

LOAD c:/iti folder/imt_sdk_win_64/winavr/bin/../lib/gcc/avr/4.3.3/../../../../avr/lib/avr5/crtm32.o
LOAD ./SERVICE/BCM/bcm_Config.o
LOAD ./SERVICE/BCM/bcm_Program.o
LOAD ./MCAL/UART/MUART_Config.o
LOAD ./MCAL/UART/MUART_Source.o
LOAD ./MCAL/DIO/DIO_Source.o
LOAD ./HAL/LED/led.o
LOAD ./HAL/HUART/HUART_Source.o
LOAD ./HAL/Button/button.o
LOAD ./App/app.o
LOAD ./main.o
LOAD c:/iti folder/imt_sdk_win_64/winavr/bin/../lib/gcc/avr/4.3.3/avr5\libgcc.a
LOAD c:/iti folder/imt_sdk_win_64/winavr/bin/../lib/gcc/avr/4.3.3/../../../../avr/lib/avr5\libc.a
LOAD c:/iti folder/imt_sdk_win_64/winavr/bin/../lib/gcc/avr/4.3.3/avr5\libgcc.a

.hash
 *(.hash)

.dynsym
 *(.dynsym)

.dynstr
 *(.dynstr)

.gnu.version
 *(.gnu.version)

.gnu.version_d
 *(.gnu.version_d)

.gnu.version_r
 *(.gnu.version_r)

.rel.init
 *(.rel.init)

.rela.init
 *(.rela.init)

.rel.text
 *(.rel.text)
 *(.rel.text.*)
 *(.rel.gnu.linkonce.t*)

.rela.text
 *(.rela.text)
 *(.rela.text.*)
 *(.rela.gnu.linkonce.t*)

.rel.fini
 *(.rel.fini)

.rela.fini
 *(.rela.fini)

.rel.rodata
 *(.rel.rodata)
 *(.rel.rodata.*)
 *(.rel.gnu.linkonce.r*)

.rela.rodata
 *(.rela.rodata)
 *(.rela.rodata.*)
 *(.rela.gnu.linkonce.r*)

.rel.data
 *(.rel.data)
 *(.rel.data.*)
 *(.rel.gnu.linkonce.d*)

.rela.data
 *(.rela.data)
 *(.rela.data.*)
 *(.rela.gnu.linkonce.d*)

.rel.ctors
 *(.rel.ctors)

.rela.ctors
 *(.rela.ctors)

.rel.dtors
 *(.rel.dtors)

.rela.dtors
 *(.rela.dtors)

.rel.got
 *(.rel.got)

.rela.got
 *(.rela.got)

.rel.bss
 *(.rel.bss)

.rela.bss
 *(.rela.bss)

.rel.plt
 *(.rel.plt)

.rela.plt
 *(.rela.plt)

.text           0x00000000     0x1df0
 *(.vectors)
 .vectors       0x00000000       0x54 c:/iti folder/imt_sdk_win_64/winavr/bin/../lib/gcc/avr/4.3.3/../../../../avr/lib/avr5/crtm32.o
                0x00000000                __vectors
                0x00000000                __vector_default
 *(.vectors)
 *(.progmem.gcc*)
 *(.progmem*)
                0x00000054                . = ALIGN (0x2)
                0x00000054                __trampolines_start = .
 *(.trampolines)
 .trampolines   0x00000054        0x0 linker stubs
 *(.trampolines*)
                0x00000054                __trampolines_end = .
 *(.jumptables)
 *(.jumptables*)
 *(.lowtext)
 *(.lowtext*)
                0x00000054                __ctors_start = .
 *(.ctors)
                0x00000054                __ctors_end = .
                0x00000054                __dtors_start = .
 *(.dtors)
                0x00000054                __dtors_end = .
 SORT(*)(.ctors)
 SORT(*)(.dtors)
 *(.init0)
 .init0         0x00000054        0x0 c:/iti folder/imt_sdk_win_64/winavr/bin/../lib/gcc/avr/4.3.3/../../../../avr/lib/avr5/crtm32.o
                0x00000054                __init
 *(.init0)
 *(.init1)
 *(.init1)
 *(.init2)
 .init2         0x00000054        0xc c:/iti folder/imt_sdk_win_64/winavr/bin/../lib/gcc/avr/4.3.3/../../../../avr/lib/avr5/crtm32.o
 *(.init2)
 *(.init3)
 *(.init3)
 *(.init4)
 .init4         0x00000060       0x16 c:/iti folder/imt_sdk_win_64/winavr/bin/../lib/gcc/avr/4.3.3/avr5\libgcc.a(_copy_data.o)
                0x00000060                __do_copy_data
 .init4         0x00000076       0x10 c:/iti folder/imt_sdk_win_64/winavr/bin/../lib/gcc/avr/4.3.3/avr5\libgcc.a(_clear_bss.o)
                0x00000076                __do_clear_bss
 *(.init4)
 *(.init5)
 *(.init5)
 *(.init6)
 *(.init6)
 *(.init7)
 *(.init7)
 *(.init8)
 *(.init8)
 *(.init9)
 .init9         0x00000086        0x8 c:/iti folder/imt_sdk_win_64/winavr/bin/../lib/gcc/avr/4.3.3/../../../../avr/lib/avr5/crtm32.o
 *(.init9)
 *(.text)
 .text          0x0000008e        0x4 c:/iti folder/imt_sdk_win_64/winavr/bin/../lib/gcc/avr/4.3.3/../../../../avr/lib/avr5/crtm32.o
                0x0000008e                __vector_1
                0x0000008e                __vector_12
                0x0000008e                __bad_interrupt
                0x0000008e                __vector_6
                0x0000008e                __vector_3
                0x0000008e                __vector_11
                0x0000008e                __vector_17
                0x0000008e                __vector_19
                0x0000008e                __vector_7
                0x0000008e                __vector_5
                0x0000008e                __vector_4
                0x0000008e                __vector_9
                0x0000008e                __vector_2
                0x0000008e                __vector_8
                0x0000008e                __vector_14
                0x0000008e                __vector_10
                0x0000008e                __vector_16
                0x0000008e                __vector_18
                0x0000008e                __vector_20
 .text          0x00000092        0x0 ./SERVICE/BCM/bcm_Config.o
 .text          0x00000092        0x0 ./SERVICE/BCM/bcm_Program.o
 .text          0x00000092        0x0 ./MCAL/UART/MUART_Config.o
 .text          0x00000092        0x0 ./MCAL/UART/MUART_Source.o
 .text          0x00000092        0x0 ./MCAL/DIO/DIO_Source.o
 .text          0x00000092        0x0 ./HAL/LED/led.o
 .text          0x00000092        0x0 ./HAL/HUART/HUART_Source.o
 .text          0x00000092        0x0 ./HAL/Button/button.o
 .text          0x00000092        0x0 ./App/app.o
 .text          0x00000092        0x0 ./main.o
 .text          0x00000092        0x0 c:/iti folder/imt_sdk_win_64/winavr/bin/../lib/gcc/avr/4.3.3/avr5\libgcc.a(_udivmodsi4.o)
 .text          0x00000092        0x0 c:/iti folder/imt_sdk_win_64/winavr/bin/../lib/gcc/avr/4.3.3/avr5\libgcc.a(_exit.o)
 .text          0x00000092        0x0 c:/iti folder/imt_sdk_win_64/winavr/bin/../lib/gcc/avr/4.3.3/avr5\libgcc.a(_copy_data.o)
 .text          0x00000092        0x0 c:/iti folder/imt_sdk_win_64/winavr/bin/../lib/gcc/avr/4.3.3/avr5\libgcc.a(_clear_bss.o)
 .text          0x00000092       0x58 c:/iti folder/imt_sdk_win_64/winavr/bin/../lib/gcc/avr/4.3.3/avr5\libgcc.a(_fixunssfsi.o)
                0x00000092                __fixunssfsi
 .text          0x000000ea      0x354 c:/iti folder/imt_sdk_win_64/winavr/bin/../lib/gcc/avr/4.3.3/avr5\libgcc.a(_addsub_sf.o)
                0x00000382                __subsf3
                0x000003e4                __addsf3
 .text          0x0000043e      0x1f4 c:/iti folder/imt_sdk_win_64/winavr/bin/../lib/gcc/avr/4.3.3/avr5\libgcc.a(_mul_sf.o)
                0x0000043e                __mulsf3
 .text          0x00000632       0x60 c:/iti folder/imt_sdk_win_64/winavr/bin/../lib/gcc/avr/4.3.3/avr5\libgcc.a(_gt_sf.o)
                0x00000632                __gtsf2
 .text          0x00000692       0x60 c:/iti folder/imt_sdk_win_64/winavr/bin/../lib/gcc/avr/4.3.3/avr5\libgcc.a(_ge_sf.o)
                0x00000692                __gesf2
 .text          0x000006f2       0x60 c:/iti folder/imt_sdk_win_64/winavr/bin/../lib/gcc/avr/4.3.3/avr5\libgcc.a(_lt_sf.o)
                0x000006f2                __ltsf2
 .text          0x00000752       0xa8 c:/iti folder/imt_sdk_win_64/winavr/bin/../lib/gcc/avr/4.3.3/avr5\libgcc.a(_sf_to_si.o)
                0x00000752                __fixsfsi
 .text          0x000007fa        0x0 c:/iti folder/imt_sdk_win_64/winavr/bin/../lib/gcc/avr/4.3.3/avr5\libgcc.a(_thenan_sf.o)
 .text          0x000007fa        0x0 c:/iti folder/imt_sdk_win_64/winavr/bin/../lib/gcc/avr/4.3.3/avr5\libgcc.a(_prologue.o)
 .text          0x000007fa        0x0 c:/iti folder/imt_sdk_win_64/winavr/bin/../lib/gcc/avr/4.3.3/avr5\libgcc.a(_epilogue.o)
 .text          0x000007fa      0x1aa c:/iti folder/imt_sdk_win_64/winavr/bin/../lib/gcc/avr/4.3.3/avr5\libgcc.a(_pack_sf.o)
                0x000007fa                __pack_f
 .text          0x000009a4       0xf0 c:/iti folder/imt_sdk_win_64/winavr/bin/../lib/gcc/avr/4.3.3/avr5\libgcc.a(_unpack_sf.o)
                0x000009a4                __unpack_f
 .text          0x00000a94       0xb2 c:/iti folder/imt_sdk_win_64/winavr/bin/../lib/gcc/avr/4.3.3/avr5\libgcc.a(_fpcmp_parts_sf.o)
                0x00000a94                __fpcmp_parts_f
 .text          0x00000b46        0x0 c:/iti folder/imt_sdk_win_64/winavr/bin/../lib/gcc/avr/4.3.3/../../../../avr/lib/avr5\libc.a(strcpy.o)
                0x00000b46                . = ALIGN (0x2)
 *(.text.*)
 .text.bcm_init
                0x00000b46       0x76 ./SERVICE/BCM/bcm_Program.o
                0x00000b46                bcm_init
 .text.bcm_deinit
                0x00000bbc       0x42 ./SERVICE/BCM/bcm_Program.o
                0x00000bbc                bcm_deinit
 .text.bcm_send
                0x00000bfe       0x44 ./SERVICE/BCM/bcm_Program.o
                0x00000bfe                bcm_send
 .text.bcm_send_n
                0x00000c42       0x58 ./SERVICE/BCM/bcm_Program.o
                0x00000c42                bcm_send_n
 .text.bcm_dispatcher
                0x00000c9a      0x150 ./SERVICE/BCM/bcm_Program.o
                0x00000c9a                bcm_dispatcher
 .text.MUART_enInit
                0x00000dea      0x19a ./MCAL/UART/MUART_Source.o
                0x00000dea                MUART_enInit
 .text.MUART_en_TX_Enable
                0x00000f84       0x1c ./MCAL/UART/MUART_Source.o
                0x00000f84                MUART_en_TX_Enable
 .text.MUART_en_RX_Enable
                0x00000fa0       0x1c ./MCAL/UART/MUART_Source.o
                0x00000fa0                MUART_en_RX_Enable
 .text.MUART_en_TX_Disable
                0x00000fbc       0x1c ./MCAL/UART/MUART_Source.o
                0x00000fbc                MUART_en_TX_Disable
 .text.MUART_en_RX_Disable
                0x00000fd8       0x1c ./MCAL/UART/MUART_Source.o
                0x00000fd8                MUART_en_RX_Disable
 .text.MUART_en_TX_RX_Enable
                0x00000ff4       0x2a ./MCAL/UART/MUART_Source.o
                0x00000ff4                MUART_en_TX_RX_Enable
 .text.MUART_en_TX_RX_Disable
                0x0000101e       0x2a ./MCAL/UART/MUART_Source.o
                0x0000101e                MUART_en_TX_RX_Disable
 .text.MUART_enSyncSendData
                0x00001048       0x54 ./MCAL/UART/MUART_Source.o
                0x00001048                MUART_enSyncSendData
 .text.MUART_enAsyncSendData
                0x0000109c       0x2a ./MCAL/UART/MUART_Source.o
                0x0000109c                MUART_enAsyncSendData
 .text.MUART_enEnableInterrupt
                0x000010c6       0x4c ./MCAL/UART/MUART_Source.o
                0x000010c6                MUART_enEnableInterrupt
 .text.MUART_enDisableInterrupt
                0x00001112       0x4e ./MCAL/UART/MUART_Source.o
                0x00001112                MUART_enDisableInterrupt
 .text.MUART_enRecieveData
                0x00001160       0x44 ./MCAL/UART/MUART_Source.o
                0x00001160                MUART_enRecieveData
 .text.MUART_sendSyncString
                0x000011a4       0x48 ./MCAL/UART/MUART_Source.o
                0x000011a4                MUART_sendSyncString
 .text.MUART_sendAsyncString
                0x000011ec       0x52 ./MCAL/UART/MUART_Source.o
                0x000011ec                MUART_sendAsyncString
 .text.MUART_receiveAsyncString
                0x0000123e       0x24 ./MCAL/UART/MUART_Source.o
                0x0000123e                MUART_receiveAsyncString
 .text.MUART_receiveSTRING
                0x00001262       0x86 ./MCAL/UART/MUART_Source.o
                0x00001262                MUART_receiveSTRING
 .text.__vector_15
                0x000012e8       0xa6 ./MCAL/UART/MUART_Source.o
                0x000012e8                __vector_15
 .text.__vector_13
                0x0000138e       0x8c ./MCAL/UART/MUART_Source.o
                0x0000138e                __vector_13
 .text.DIO_s8SETPortDir
                0x0000141a       0x72 ./MCAL/DIO/DIO_Source.o
                0x0000141a                DIO_s8SETPortDir
 .text.DIO_s8SETPortVal
                0x0000148c       0x46 ./MCAL/DIO/DIO_Source.o
                0x0000148c                DIO_s8SETPortVal
 .text.DIO_s8GETPortVal
                0x000014d2       0x4e ./MCAL/DIO/DIO_Source.o
                0x000014d2                DIO_s8GETPortVal
 .text.DIO_s8SETPinDir
                0x00001520       0xec ./MCAL/DIO/DIO_Source.o
                0x00001520                DIO_s8SETPinDir
 .text.DIO_s8SETPinVal
                0x0000160c       0xec ./MCAL/DIO/DIO_Source.o
                0x0000160c                DIO_s8SETPinVal
 .text.DIO_s8TOGPinVal
                0x000016f8       0x84 ./MCAL/DIO/DIO_Source.o
                0x000016f8                DIO_s8TOGPinVal
 .text.DIO_s8GETPinVal
                0x0000177c       0x7e ./MCAL/DIO/DIO_Source.o
                0x0000177c                DIO_s8GETPinVal
 .text.HLed_Init
                0x000017fa       0x2e ./HAL/LED/led.o
                0x000017fa                HLed_Init
 .text.HLed_on  0x00001828       0x2e ./HAL/LED/led.o
                0x00001828                HLed_on
 .text.HLed_off
                0x00001856       0x2e ./HAL/LED/led.o
                0x00001856                HLed_off
 .text.HLed_toggle
                0x00001884       0x2c ./HAL/LED/led.o
                0x00001884                HLed_toggle
 .text.HUART_enInit
                0x000018b0       0x88 ./HAL/HUART/HUART_Source.o
                0x000018b0                HUART_enInit
 .text.HUART_enEnableInterrupt
                0x00001938       0x7c ./HAL/HUART/HUART_Source.o
                0x00001938                HUART_enEnableInterrupt
 .text.HUART_enDeInit
                0x000019b4       0x62 ./HAL/HUART/HUART_Source.o
                0x000019b4                HUART_enDeInit
 .text.HUART_enSyncSendData
                0x00001a16       0x20 ./HAL/HUART/HUART_Source.o
                0x00001a16                HUART_enSyncSendData
 .text.HUART_enAsyncSendData
                0x00001a36       0x20 ./HAL/HUART/HUART_Source.o
                0x00001a36                HUART_enAsyncSendData
 .text.HUART_enRecieveData
                0x00001a56       0x2a ./HAL/HUART/HUART_Source.o
                0x00001a56                HUART_enRecieveData
 .text.HUART_sendSyncString
                0x00001a80       0x28 ./HAL/HUART/HUART_Source.o
                0x00001a80                HUART_sendSyncString
 .text.HUART_sendAsyncString
                0x00001aa8       0x36 ./HAL/HUART/HUART_Source.o
                0x00001aa8                HUART_sendAsyncString
 .text.HUART_receiveAsyncString
                0x00001ade       0x20 ./HAL/HUART/HUART_Source.o
                0x00001ade                HUART_receiveAsyncString
 .text.HUART_receiveSTRING
                0x00001afe       0x28 ./HAL/HUART/HUART_Source.o
                0x00001afe                HUART_receiveSTRING
 .text.HButton_Init
                0x00001b26       0x38 ./HAL/Button/button.o
                0x00001b26                HButton_Init
 .text.HButton_ExtIntInit
                0x00001b5e       0x30 ./HAL/Button/button.o
                0x00001b5e                HButton_ExtIntInit
 .text.HButton_getPinVal
                0x00001b8e       0x46 ./HAL/Button/button.o
                0x00001b8e                HButton_getPinVal
 .text.APP_vidInit
                0x00001bd4       0x34 ./App/app.o
                0x00001bd4                APP_vidInit
 .text.APP_vidStart
                0x00001c08      0x112 ./App/app.o
                0x00001c08                APP_vidStart
 .text.main     0x00001d1a       0x12 ./main.o
                0x00001d1a                main
 .text.libgcc   0x00001d2c       0x44 c:/iti folder/imt_sdk_win_64/winavr/bin/../lib/gcc/avr/4.3.3/avr5\libgcc.a(_udivmodsi4.o)
                0x00001d2c                __udivmodsi4
 .text.libgcc   0x00001d70        0x0 c:/iti folder/imt_sdk_win_64/winavr/bin/../lib/gcc/avr/4.3.3/avr5\libgcc.a(_exit.o)
 .text.libgcc   0x00001d70        0x0 c:/iti folder/imt_sdk_win_64/winavr/bin/../lib/gcc/avr/4.3.3/avr5\libgcc.a(_copy_data.o)
 .text.libgcc   0x00001d70        0x0 c:/iti folder/imt_sdk_win_64/winavr/bin/../lib/gcc/avr/4.3.3/avr5\libgcc.a(_clear_bss.o)
 .text.libgcc   0x00001d70       0x38 c:/iti folder/imt_sdk_win_64/winavr/bin/../lib/gcc/avr/4.3.3/avr5\libgcc.a(_prologue.o)
                0x00001d70                __prologue_saves__
 .text.libgcc   0x00001da8       0x36 c:/iti folder/imt_sdk_win_64/winavr/bin/../lib/gcc/avr/4.3.3/avr5\libgcc.a(_epilogue.o)
                0x00001da8                __epilogue_restores__
 .text.avr-libc
                0x00001dde        0xe c:/iti folder/imt_sdk_win_64/winavr/bin/../lib/gcc/avr/4.3.3/../../../../avr/lib/avr5\libc.a(strcpy.o)
                0x00001dde                strcpy
                0x00001dec                . = ALIGN (0x2)
 *(.fini9)
 .fini9         0x00001dec        0x0 c:/iti folder/imt_sdk_win_64/winavr/bin/../lib/gcc/avr/4.3.3/avr5\libgcc.a(_exit.o)
                0x00001dec                exit
                0x00001dec                _exit
 *(.fini9)
 *(.fini8)
 *(.fini8)
 *(.fini7)
 *(.fini7)
 *(.fini6)
 *(.fini6)
 *(.fini5)
 *(.fini5)
 *(.fini4)
 *(.fini4)
 *(.fini3)
 *(.fini3)
 *(.fini2)
 *(.fini2)
 *(.fini1)
 *(.fini1)
 *(.fini0)
 .fini0         0x00001dec        0x4 c:/iti folder/imt_sdk_win_64/winavr/bin/../lib/gcc/avr/4.3.3/avr5\libgcc.a(_exit.o)
 *(.fini0)
                0x00001df0                _etext = .

.data           0x00800060       0x30 load address 0x00001df0
                0x00800060                PROVIDE (__data_start, .)
 *(.data)
 .data          0x00800060        0x0 c:/iti folder/imt_sdk_win_64/winavr/bin/../lib/gcc/avr/4.3.3/../../../../avr/lib/avr5/crtm32.o
 .data          0x00800060        0x0 ./SERVICE/BCM/bcm_Config.o
 .data          0x00800060        0x0 ./SERVICE/BCM/bcm_Program.o
 .data          0x00800060        0x0 ./MCAL/UART/MUART_Config.o
 .data          0x00800060        0x0 ./MCAL/UART/MUART_Source.o
 .data          0x00800060        0x0 ./MCAL/DIO/DIO_Source.o
 .data          0x00800060        0x0 ./HAL/LED/led.o
 .data          0x00800060        0x0 ./HAL/HUART/HUART_Source.o
 .data          0x00800060        0x0 ./HAL/Button/button.o
 .data          0x00800060        0x7 ./App/app.o
 .data          0x00800067        0x0 ./main.o
 .data          0x00800067        0x0 c:/iti folder/imt_sdk_win_64/winavr/bin/../lib/gcc/avr/4.3.3/avr5\libgcc.a(_udivmodsi4.o)
 .data          0x00800067        0x0 c:/iti folder/imt_sdk_win_64/winavr/bin/../lib/gcc/avr/4.3.3/avr5\libgcc.a(_exit.o)
 .data          0x00800067        0x0 c:/iti folder/imt_sdk_win_64/winavr/bin/../lib/gcc/avr/4.3.3/avr5\libgcc.a(_copy_data.o)
 .data          0x00800067        0x0 c:/iti folder/imt_sdk_win_64/winavr/bin/../lib/gcc/avr/4.3.3/avr5\libgcc.a(_clear_bss.o)
 .data          0x00800067        0x0 c:/iti folder/imt_sdk_win_64/winavr/bin/../lib/gcc/avr/4.3.3/avr5\libgcc.a(_fixunssfsi.o)
 .data          0x00800067        0x0 c:/iti folder/imt_sdk_win_64/winavr/bin/../lib/gcc/avr/4.3.3/avr5\libgcc.a(_addsub_sf.o)
 .data          0x00800067        0x0 c:/iti folder/imt_sdk_win_64/winavr/bin/../lib/gcc/avr/4.3.3/avr5\libgcc.a(_mul_sf.o)
 .data          0x00800067        0x0 c:/iti folder/imt_sdk_win_64/winavr/bin/../lib/gcc/avr/4.3.3/avr5\libgcc.a(_gt_sf.o)
 .data          0x00800067        0x0 c:/iti folder/imt_sdk_win_64/winavr/bin/../lib/gcc/avr/4.3.3/avr5\libgcc.a(_ge_sf.o)
 .data          0x00800067        0x0 c:/iti folder/imt_sdk_win_64/winavr/bin/../lib/gcc/avr/4.3.3/avr5\libgcc.a(_lt_sf.o)
 .data          0x00800067        0x0 c:/iti folder/imt_sdk_win_64/winavr/bin/../lib/gcc/avr/4.3.3/avr5\libgcc.a(_sf_to_si.o)
 .data          0x00800067        0x8 c:/iti folder/imt_sdk_win_64/winavr/bin/../lib/gcc/avr/4.3.3/avr5\libgcc.a(_thenan_sf.o)
                0x00800067                __thenan_sf
 .data          0x0080006f        0x0 c:/iti folder/imt_sdk_win_64/winavr/bin/../lib/gcc/avr/4.3.3/avr5\libgcc.a(_prologue.o)
 .data          0x0080006f        0x0 c:/iti folder/imt_sdk_win_64/winavr/bin/../lib/gcc/avr/4.3.3/avr5\libgcc.a(_epilogue.o)
 .data          0x0080006f        0x0 c:/iti folder/imt_sdk_win_64/winavr/bin/../lib/gcc/avr/4.3.3/avr5\libgcc.a(_pack_sf.o)
 .data          0x0080006f        0x0 c:/iti folder/imt_sdk_win_64/winavr/bin/../lib/gcc/avr/4.3.3/avr5\libgcc.a(_unpack_sf.o)
 .data          0x0080006f        0x0 c:/iti folder/imt_sdk_win_64/winavr/bin/../lib/gcc/avr/4.3.3/avr5\libgcc.a(_fpcmp_parts_sf.o)
 .data          0x0080006f        0x0 c:/iti folder/imt_sdk_win_64/winavr/bin/../lib/gcc/avr/4.3.3/../../../../avr/lib/avr5\libc.a(strcpy.o)
 *(.data*)
 .data.app_str_bcm_instance
                0x0080006f        0x2 ./SERVICE/BCM/bcm_Config.o
                0x0080006f                app_str_bcm_instance
 .data.u16_RX_BufferSize
                0x00800071        0x2 ./SERVICE/BCM/bcm_Config.o
                0x00800071                u16_RX_BufferSize
 .data.uartInfo
                0x00800073        0x2 ./MCAL/UART/MUART_Config.o
                0x00800073                uartInfo
 .data.u16_size_counter.1786
                0x00800075        0x2 ./MCAL/UART/MUART_Source.o
 .data.portReg  0x00800077        0x8 ./MCAL/DIO/DIO_Source.o
                0x00800077                portReg
 .data.ddrReg   0x0080007f        0x8 ./MCAL/DIO/DIO_Source.o
                0x0080007f                ddrReg
 .data.pinReg   0x00800087        0x8 ./MCAL/DIO/DIO_Source.o
                0x00800087                pinReg
 *(.rodata)
 *(.rodata*)
 *(.gnu.linkonce.d*)
                0x00800090                . = ALIGN (0x2)
 *fill*         0x0080008f        0x1 00
                0x00800090                _edata = .
                0x00800090                PROVIDE (__data_end, .)

.bss            0x00800090       0x49
                0x00800090                PROVIDE (__bss_start, .)
 *(.bss)
 .bss           0x00800090        0x0 c:/iti folder/imt_sdk_win_64/winavr/bin/../lib/gcc/avr/4.3.3/../../../../avr/lib/avr5/crtm32.o
 .bss           0x00800090        0x0 ./SERVICE/BCM/bcm_Config.o
 .bss           0x00800090        0x0 ./SERVICE/BCM/bcm_Program.o
 .bss           0x00800090        0x0 ./MCAL/UART/MUART_Config.o
 .bss           0x00800090        0x0 ./MCAL/UART/MUART_Source.o
 .bss           0x00800090        0x0 ./MCAL/DIO/DIO_Source.o
 .bss           0x00800090        0x0 ./HAL/LED/led.o
 .bss           0x00800090        0x0 ./HAL/HUART/HUART_Source.o
 .bss           0x00800090        0x0 ./HAL/Button/button.o
 .bss           0x00800090        0x0 ./App/app.o
 .bss           0x00800090        0x0 ./main.o
 .bss           0x00800090        0x0 c:/iti folder/imt_sdk_win_64/winavr/bin/../lib/gcc/avr/4.3.3/avr5\libgcc.a(_udivmodsi4.o)
 .bss           0x00800090        0x0 c:/iti folder/imt_sdk_win_64/winavr/bin/../lib/gcc/avr/4.3.3/avr5\libgcc.a(_exit.o)
 .bss           0x00800090        0x0 c:/iti folder/imt_sdk_win_64/winavr/bin/../lib/gcc/avr/4.3.3/avr5\libgcc.a(_copy_data.o)
 .bss           0x00800090        0x0 c:/iti folder/imt_sdk_win_64/winavr/bin/../lib/gcc/avr/4.3.3/avr5\libgcc.a(_clear_bss.o)
 .bss           0x00800090        0x0 c:/iti folder/imt_sdk_win_64/winavr/bin/../lib/gcc/avr/4.3.3/avr5\libgcc.a(_fixunssfsi.o)
 .bss           0x00800090        0x0 c:/iti folder/imt_sdk_win_64/winavr/bin/../lib/gcc/avr/4.3.3/avr5\libgcc.a(_addsub_sf.o)
 .bss           0x00800090        0x0 c:/iti folder/imt_sdk_win_64/winavr/bin/../lib/gcc/avr/4.3.3/avr5\libgcc.a(_mul_sf.o)
 .bss           0x00800090        0x0 c:/iti folder/imt_sdk_win_64/winavr/bin/../lib/gcc/avr/4.3.3/avr5\libgcc.a(_gt_sf.o)
 .bss           0x00800090        0x0 c:/iti folder/imt_sdk_win_64/winavr/bin/../lib/gcc/avr/4.3.3/avr5\libgcc.a(_ge_sf.o)
 .bss           0x00800090        0x0 c:/iti folder/imt_sdk_win_64/winavr/bin/../lib/gcc/avr/4.3.3/avr5\libgcc.a(_lt_sf.o)
 .bss           0x00800090        0x0 c:/iti folder/imt_sdk_win_64/winavr/bin/../lib/gcc/avr/4.3.3/avr5\libgcc.a(_sf_to_si.o)
 .bss           0x00800090        0x0 c:/iti folder/imt_sdk_win_64/winavr/bin/../lib/gcc/avr/4.3.3/avr5\libgcc.a(_thenan_sf.o)
 .bss           0x00800090        0x0 c:/iti folder/imt_sdk_win_64/winavr/bin/../lib/gcc/avr/4.3.3/avr5\libgcc.a(_prologue.o)
 .bss           0x00800090        0x0 c:/iti folder/imt_sdk_win_64/winavr/bin/../lib/gcc/avr/4.3.3/avr5\libgcc.a(_epilogue.o)
 .bss           0x00800090        0x0 c:/iti folder/imt_sdk_win_64/winavr/bin/../lib/gcc/avr/4.3.3/avr5\libgcc.a(_pack_sf.o)
 .bss           0x00800090        0x0 c:/iti folder/imt_sdk_win_64/winavr/bin/../lib/gcc/avr/4.3.3/avr5\libgcc.a(_unpack_sf.o)
 .bss           0x00800090        0x0 c:/iti folder/imt_sdk_win_64/winavr/bin/../lib/gcc/avr/4.3.3/avr5\libgcc.a(_fpcmp_parts_sf.o)
 .bss           0x00800090        0x0 c:/iti folder/imt_sdk_win_64/winavr/bin/../lib/gcc/avr/4.3.3/../../../../avr/lib/avr5\libc.a(strcpy.o)
 *(.bss*)
 .bss.flag      0x00800090        0x4 ./SERVICE/BCM/bcm_Program.o
 .bss.g_u16_char_size
                0x00800094        0x2 ./MCAL/UART/MUART_Source.o
                0x00800094                g_u16_char_size
 .bss.g_u16_rx_char_size
                0x00800096        0x2 ./MCAL/UART/MUART_Source.o
                0x00800096                g_u16_rx_char_size
 .bss.g_u8_stringCounter
                0x00800098        0x1 ./MCAL/UART/MUART_Source.o
                0x00800098                g_u8_stringCounter
 .bss.gvu8_txComplete
                0x00800099        0x1 ./MCAL/UART/MUART_Source.o
                0x00800099                gvu8_txComplete
 .bss.gvu8_rxComplete
                0x0080009a        0x1 ./MCAL/UART/MUART_Source.o
                0x0080009a                gvu8_rxComplete
 .bss.counter.1805
                0x0080009b        0x1 ./MCAL/UART/MUART_Source.o
 .bss.var       0x0080009c        0x1 ./App/app.o
                0x0080009c                var
 *(COMMON)
 COMMON         0x0080009d       0x3c ./MCAL/UART/MUART_Source.o
                0x0080009d                g_p_u8_rx_string_buffer
                0x008000bb                g_p_u8_string
                0x008000d9                PROVIDE (__bss_end, .)
                0x00001df0                __data_load_start = LOADADDR (.data)
                0x00001e20                __data_load_end = (__data_load_start + SIZEOF (.data))

.noinit         0x008000d9        0x0
                0x008000d9                PROVIDE (__noinit_start, .)
 *(.noinit*)
                0x008000d9                PROVIDE (__noinit_end, .)
                0x008000d9                _end = .
                0x008000d9                PROVIDE (__heap_start, .)

.eeprom         0x00810000        0x0
 *(.eeprom*)
                0x00810000                __eeprom_end = .

.fuse
 *(.fuse)
 *(.lfuse)
 *(.hfuse)
 *(.efuse)

.lock
 *(.lock*)

.signature
 *(.signature*)

.stab           0x00000000     0x32e8
 *(.stab)
 .stab          0x00000000      0x1f8 ./SERVICE/BCM/bcm_Config.o
 .stab          0x000001f8      0x870 ./SERVICE/BCM/bcm_Program.o
                                0x8dc (size before relaxing)
 .stab          0x00000a68      0x138 ./MCAL/UART/MUART_Config.o
                                0x144 (size before relaxing)
 .stab          0x00000ba0      0xb88 ./MCAL/UART/MUART_Source.o
                                0xd5c (size before relaxing)
 .stab          0x00001728      0x768 ./MCAL/DIO/DIO_Source.o
                                0x774 (size before relaxing)
 .stab          0x00001e90      0x450 ./HAL/LED/led.o
                                0x45c (size before relaxing)
 .stab          0x000022e0      0x738 ./HAL/HUART/HUART_Source.o
                                0x744 (size before relaxing)
 .stab          0x00002a18      0x3d8 ./HAL/Button/button.o
                                0x3e4 (size before relaxing)
 .stab          0x00002df0      0x3f0 ./App/app.o
                                0x588 (size before relaxing)
 .stab          0x000031e0      0x108 ./main.o
                                0x114 (size before relaxing)

.stabstr        0x00000000     0x2daf
 *(.stabstr)
 .stabstr       0x00000000     0x2daf ./SERVICE/BCM/bcm_Config.o

.stab.excl
 *(.stab.excl)

.stab.exclstr
 *(.stab.exclstr)

.stab.index
 *(.stab.index)

.stab.indexstr
 *(.stab.indexstr)

.comment
 *(.comment)

.debug
 *(.debug)

.line
 *(.line)

.debug_srcinfo
 *(.debug_srcinfo)

.debug_sfnames
 *(.debug_sfnames)

.debug_aranges  0x00000000      0x140
 *(.debug_aranges)
 .debug_aranges
                0x00000000       0x20 c:/iti folder/imt_sdk_win_64/winavr/bin/../lib/gcc/avr/4.3.3/avr5\libgcc.a(_fixunssfsi.o)
 .debug_aranges
                0x00000020       0x20 c:/iti folder/imt_sdk_win_64/winavr/bin/../lib/gcc/avr/4.3.3/avr5\libgcc.a(_addsub_sf.o)
 .debug_aranges
                0x00000040       0x20 c:/iti folder/imt_sdk_win_64/winavr/bin/../lib/gcc/avr/4.3.3/avr5\libgcc.a(_mul_sf.o)
 .debug_aranges
                0x00000060       0x20 c:/iti folder/imt_sdk_win_64/winavr/bin/../lib/gcc/avr/4.3.3/avr5\libgcc.a(_gt_sf.o)
 .debug_aranges
                0x00000080       0x20 c:/iti folder/imt_sdk_win_64/winavr/bin/../lib/gcc/avr/4.3.3/avr5\libgcc.a(_ge_sf.o)
 .debug_aranges
                0x000000a0       0x20 c:/iti folder/imt_sdk_win_64/winavr/bin/../lib/gcc/avr/4.3.3/avr5\libgcc.a(_lt_sf.o)
 .debug_aranges
                0x000000c0       0x20 c:/iti folder/imt_sdk_win_64/winavr/bin/../lib/gcc/avr/4.3.3/avr5\libgcc.a(_sf_to_si.o)
 .debug_aranges
                0x000000e0       0x20 c:/iti folder/imt_sdk_win_64/winavr/bin/../lib/gcc/avr/4.3.3/avr5\libgcc.a(_pack_sf.o)
 .debug_aranges
                0x00000100       0x20 c:/iti folder/imt_sdk_win_64/winavr/bin/../lib/gcc/avr/4.3.3/avr5\libgcc.a(_unpack_sf.o)
 .debug_aranges
                0x00000120       0x20 c:/iti folder/imt_sdk_win_64/winavr/bin/../lib/gcc/avr/4.3.3/avr5\libgcc.a(_fpcmp_parts_sf.o)

.debug_pubnames
                0x00000000      0x170
 *(.debug_pubnames)
 .debug_pubnames
                0x00000000       0x23 c:/iti folder/imt_sdk_win_64/winavr/bin/../lib/gcc/avr/4.3.3/avr5\libgcc.a(_fixunssfsi.o)
 .debug_pubnames
                0x00000023       0x2c c:/iti folder/imt_sdk_win_64/winavr/bin/../lib/gcc/avr/4.3.3/avr5\libgcc.a(_addsub_sf.o)
 .debug_pubnames
                0x0000004f       0x1f c:/iti folder/imt_sdk_win_64/winavr/bin/../lib/gcc/avr/4.3.3/avr5\libgcc.a(_mul_sf.o)
 .debug_pubnames
                0x0000006e       0x1e c:/iti folder/imt_sdk_win_64/winavr/bin/../lib/gcc/avr/4.3.3/avr5\libgcc.a(_gt_sf.o)
 .debug_pubnames
                0x0000008c       0x1e c:/iti folder/imt_sdk_win_64/winavr/bin/../lib/gcc/avr/4.3.3/avr5\libgcc.a(_ge_sf.o)
 .debug_pubnames
                0x000000aa       0x1e c:/iti folder/imt_sdk_win_64/winavr/bin/../lib/gcc/avr/4.3.3/avr5\libgcc.a(_lt_sf.o)
 .debug_pubnames
                0x000000c8       0x20 c:/iti folder/imt_sdk_win_64/winavr/bin/../lib/gcc/avr/4.3.3/avr5\libgcc.a(_sf_to_si.o)
 .debug_pubnames
                0x000000e8       0x22 c:/iti folder/imt_sdk_win_64/winavr/bin/../lib/gcc/avr/4.3.3/avr5\libgcc.a(_thenan_sf.o)
 .debug_pubnames
                0x0000010a       0x1f c:/iti folder/imt_sdk_win_64/winavr/bin/../lib/gcc/avr/4.3.3/avr5\libgcc.a(_pack_sf.o)
 .debug_pubnames
                0x00000129       0x21 c:/iti folder/imt_sdk_win_64/winavr/bin/../lib/gcc/avr/4.3.3/avr5\libgcc.a(_unpack_sf.o)
 .debug_pubnames
                0x0000014a       0x26 c:/iti folder/imt_sdk_win_64/winavr/bin/../lib/gcc/avr/4.3.3/avr5\libgcc.a(_fpcmp_parts_sf.o)

.debug_info     0x00000000     0x1c49
 *(.debug_info)
 .debug_info    0x00000000       0xb1 c:/iti folder/imt_sdk_win_64/winavr/bin/../lib/gcc/avr/4.3.3/avr5\libgcc.a(_fixunssfsi.o)
 .debug_info    0x000000b1      0x47a c:/iti folder/imt_sdk_win_64/winavr/bin/../lib/gcc/avr/4.3.3/avr5\libgcc.a(_addsub_sf.o)
 .debug_info    0x0000052b      0x485 c:/iti folder/imt_sdk_win_64/winavr/bin/../lib/gcc/avr/4.3.3/avr5\libgcc.a(_mul_sf.o)
 .debug_info    0x000009b0      0x27f c:/iti folder/imt_sdk_win_64/winavr/bin/../lib/gcc/avr/4.3.3/avr5\libgcc.a(_gt_sf.o)
 .debug_info    0x00000c2f      0x27f c:/iti folder/imt_sdk_win_64/winavr/bin/../lib/gcc/avr/4.3.3/avr5\libgcc.a(_ge_sf.o)
 .debug_info    0x00000eae      0x27f c:/iti folder/imt_sdk_win_64/winavr/bin/../lib/gcc/avr/4.3.3/avr5\libgcc.a(_lt_sf.o)
 .debug_info    0x0000112d      0x2b0 c:/iti folder/imt_sdk_win_64/winavr/bin/../lib/gcc/avr/4.3.3/avr5\libgcc.a(_sf_to_si.o)
 .debug_info    0x000013dd      0x12c c:/iti folder/imt_sdk_win_64/winavr/bin/../lib/gcc/avr/4.3.3/avr5\libgcc.a(_thenan_sf.o)
 .debug_info    0x00001509      0x2df c:/iti folder/imt_sdk_win_64/winavr/bin/../lib/gcc/avr/4.3.3/avr5\libgcc.a(_pack_sf.o)
 .debug_info    0x000017e8      0x251 c:/iti folder/imt_sdk_win_64/winavr/bin/../lib/gcc/avr/4.3.3/avr5\libgcc.a(_unpack_sf.o)
 .debug_info    0x00001a39      0x210 c:/iti folder/imt_sdk_win_64/winavr/bin/../lib/gcc/avr/4.3.3/avr5\libgcc.a(_fpcmp_parts_sf.o)
 *(.gnu.linkonce.wi.*)

.debug_abbrev   0x00000000      0xeeb
 *(.debug_abbrev)
 .debug_abbrev  0x00000000       0x5d c:/iti folder/imt_sdk_win_64/winavr/bin/../lib/gcc/avr/4.3.3/avr5\libgcc.a(_fixunssfsi.o)
 .debug_abbrev  0x0000005d      0x1ea c:/iti folder/imt_sdk_win_64/winavr/bin/../lib/gcc/avr/4.3.3/avr5\libgcc.a(_addsub_sf.o)
 .debug_abbrev  0x00000247      0x21b c:/iti folder/imt_sdk_win_64/winavr/bin/../lib/gcc/avr/4.3.3/avr5\libgcc.a(_mul_sf.o)
 .debug_abbrev  0x00000462      0x15a c:/iti folder/imt_sdk_win_64/winavr/bin/../lib/gcc/avr/4.3.3/avr5\libgcc.a(_gt_sf.o)
 .debug_abbrev  0x000005bc      0x15a c:/iti folder/imt_sdk_win_64/winavr/bin/../lib/gcc/avr/4.3.3/avr5\libgcc.a(_ge_sf.o)
 .debug_abbrev  0x00000716      0x15a c:/iti folder/imt_sdk_win_64/winavr/bin/../lib/gcc/avr/4.3.3/avr5\libgcc.a(_lt_sf.o)
 .debug_abbrev  0x00000870      0x17f c:/iti folder/imt_sdk_win_64/winavr/bin/../lib/gcc/avr/4.3.3/avr5\libgcc.a(_sf_to_si.o)
 .debug_abbrev  0x000009ef       0xad c:/iti folder/imt_sdk_win_64/winavr/bin/../lib/gcc/avr/4.3.3/avr5\libgcc.a(_thenan_sf.o)
 .debug_abbrev  0x00000a9c      0x1c0 c:/iti folder/imt_sdk_win_64/winavr/bin/../lib/gcc/avr/4.3.3/avr5\libgcc.a(_pack_sf.o)
 .debug_abbrev  0x00000c5c      0x154 c:/iti folder/imt_sdk_win_64/winavr/bin/../lib/gcc/avr/4.3.3/avr5\libgcc.a(_unpack_sf.o)
 .debug_abbrev  0x00000db0      0x13b c:/iti folder/imt_sdk_win_64/winavr/bin/../lib/gcc/avr/4.3.3/avr5\libgcc.a(_fpcmp_parts_sf.o)

.debug_line     0x00000000      0xdad
 *(.debug_line)
 .debug_line    0x00000000       0xa7 c:/iti folder/imt_sdk_win_64/winavr/bin/../lib/gcc/avr/4.3.3/avr5\libgcc.a(_fixunssfsi.o)
 .debug_line    0x000000a7      0x2af c:/iti folder/imt_sdk_win_64/winavr/bin/../lib/gcc/avr/4.3.3/avr5\libgcc.a(_addsub_sf.o)
 .debug_line    0x00000356      0x239 c:/iti folder/imt_sdk_win_64/winavr/bin/../lib/gcc/avr/4.3.3/avr5\libgcc.a(_mul_sf.o)
 .debug_line    0x0000058f       0xd3 c:/iti folder/imt_sdk_win_64/winavr/bin/../lib/gcc/avr/4.3.3/avr5\libgcc.a(_gt_sf.o)
 .debug_line    0x00000662       0xd3 c:/iti folder/imt_sdk_win_64/winavr/bin/../lib/gcc/avr/4.3.3/avr5\libgcc.a(_ge_sf.o)
 .debug_line    0x00000735       0xd3 c:/iti folder/imt_sdk_win_64/winavr/bin/../lib/gcc/avr/4.3.3/avr5\libgcc.a(_lt_sf.o)
 .debug_line    0x00000808      0x109 c:/iti folder/imt_sdk_win_64/winavr/bin/../lib/gcc/avr/4.3.3/avr5\libgcc.a(_sf_to_si.o)
 .debug_line    0x00000911       0x90 c:/iti folder/imt_sdk_win_64/winavr/bin/../lib/gcc/avr/4.3.3/avr5\libgcc.a(_thenan_sf.o)
 .debug_line    0x000009a1      0x18a c:/iti folder/imt_sdk_win_64/winavr/bin/../lib/gcc/avr/4.3.3/avr5\libgcc.a(_pack_sf.o)
 .debug_line    0x00000b2b      0x14b c:/iti folder/imt_sdk_win_64/winavr/bin/../lib/gcc/avr/4.3.3/avr5\libgcc.a(_unpack_sf.o)
 .debug_line    0x00000c76      0x137 c:/iti folder/imt_sdk_win_64/winavr/bin/../lib/gcc/avr/4.3.3/avr5\libgcc.a(_fpcmp_parts_sf.o)

.debug_frame    0x00000000      0x160
 *(.debug_frame)
 .debug_frame   0x00000000       0x20 c:/iti folder/imt_sdk_win_64/winavr/bin/../lib/gcc/avr/4.3.3/avr5\libgcc.a(_fixunssfsi.o)
 .debug_frame   0x00000020       0x40 c:/iti folder/imt_sdk_win_64/winavr/bin/../lib/gcc/avr/4.3.3/avr5\libgcc.a(_addsub_sf.o)
 .debug_frame   0x00000060       0x20 c:/iti folder/imt_sdk_win_64/winavr/bin/../lib/gcc/avr/4.3.3/avr5\libgcc.a(_mul_sf.o)
 .debug_frame   0x00000080       0x20 c:/iti folder/imt_sdk_win_64/winavr/bin/../lib/gcc/avr/4.3.3/avr5\libgcc.a(_gt_sf.o)
 .debug_frame   0x000000a0       0x20 c:/iti folder/imt_sdk_win_64/winavr/bin/../lib/gcc/avr/4.3.3/avr5\libgcc.a(_ge_sf.o)
 .debug_frame   0x000000c0       0x20 c:/iti folder/imt_sdk_win_64/winavr/bin/../lib/gcc/avr/4.3.3/avr5\libgcc.a(_lt_sf.o)
 .debug_frame   0x000000e0       0x20 c:/iti folder/imt_sdk_win_64/winavr/bin/../lib/gcc/avr/4.3.3/avr5\libgcc.a(_sf_to_si.o)
 .debug_frame   0x00000100       0x20 c:/iti folder/imt_sdk_win_64/winavr/bin/../lib/gcc/avr/4.3.3/avr5\libgcc.a(_pack_sf.o)
 .debug_frame   0x00000120       0x20 c:/iti folder/imt_sdk_win_64/winavr/bin/../lib/gcc/avr/4.3.3/avr5\libgcc.a(_unpack_sf.o)
 .debug_frame   0x00000140       0x20 c:/iti folder/imt_sdk_win_64/winavr/bin/../lib/gcc/avr/4.3.3/avr5\libgcc.a(_fpcmp_parts_sf.o)

.debug_str      0x00000000      0x28d
 *(.debug_str)
 .debug_str     0x00000000       0xbf c:/iti folder/imt_sdk_win_64/winavr/bin/../lib/gcc/avr/4.3.3/avr5\libgcc.a(_fixunssfsi.o)
                                 0xfe (size before relaxing)
 .debug_str     0x000000bf      0x14d c:/iti folder/imt_sdk_win_64/winavr/bin/../lib/gcc/avr/4.3.3/avr5\libgcc.a(_addsub_sf.o)
                                0x206 (size before relaxing)
 .debug_str     0x0000020c       0x27 c:/iti folder/imt_sdk_win_64/winavr/bin/../lib/gcc/avr/4.3.3/avr5\libgcc.a(_mul_sf.o)
                                0x1bf (size before relaxing)
 .debug_str     0x00000233        0xf c:/iti folder/imt_sdk_win_64/winavr/bin/../lib/gcc/avr/4.3.3/avr5\libgcc.a(_gt_sf.o)
                                0x195 (size before relaxing)
 .debug_str     0x00000242        0x8 c:/iti folder/imt_sdk_win_64/winavr/bin/../lib/gcc/avr/4.3.3/avr5\libgcc.a(_ge_sf.o)
                                0x195 (size before relaxing)
 .debug_str     0x0000024a        0x8 c:/iti folder/imt_sdk_win_64/winavr/bin/../lib/gcc/avr/4.3.3/avr5\libgcc.a(_lt_sf.o)
                                0x195 (size before relaxing)
 .debug_str     0x00000252        0xa c:/iti folder/imt_sdk_win_64/winavr/bin/../lib/gcc/avr/4.3.3/avr5\libgcc.a(_sf_to_si.o)
                                0x19e (size before relaxing)
 .debug_str     0x00000000      0x103 c:/iti folder/imt_sdk_win_64/winavr/bin/../lib/gcc/avr/4.3.3/avr5\libgcc.a(_thenan_sf.o)
 .debug_str     0x0000025c       0x16 c:/iti folder/imt_sdk_win_64/winavr/bin/../lib/gcc/avr/4.3.3/avr5\libgcc.a(_pack_sf.o)
                                0x19d (size before relaxing)
 .debug_str     0x00000272        0xb c:/iti folder/imt_sdk_win_64/winavr/bin/../lib/gcc/avr/4.3.3/avr5\libgcc.a(_unpack_sf.o)
                                0x17f (size before relaxing)
 .debug_str     0x0000027d       0x10 c:/iti folder/imt_sdk_win_64/winavr/bin/../lib/gcc/avr/4.3.3/avr5\libgcc.a(_fpcmp_parts_sf.o)
                                0x163 (size before relaxing)

.debug_loc      0x00000000      0x7ce
 *(.debug_loc)
 .debug_loc     0x00000000       0x34 c:/iti folder/imt_sdk_win_64/winavr/bin/../lib/gcc/avr/4.3.3/avr5\libgcc.a(_fixunssfsi.o)
 .debug_loc     0x00000034      0x32a c:/iti folder/imt_sdk_win_64/winavr/bin/../lib/gcc/avr/4.3.3/avr5\libgcc.a(_addsub_sf.o)
 .debug_loc     0x0000035e      0x104 c:/iti folder/imt_sdk_win_64/winavr/bin/../lib/gcc/avr/4.3.3/avr5\libgcc.a(_mul_sf.o)
 .debug_loc     0x00000462       0x3c c:/iti folder/imt_sdk_win_64/winavr/bin/../lib/gcc/avr/4.3.3/avr5\libgcc.a(_gt_sf.o)
 .debug_loc     0x0000049e       0x3c c:/iti folder/imt_sdk_win_64/winavr/bin/../lib/gcc/avr/4.3.3/avr5\libgcc.a(_ge_sf.o)
 .debug_loc     0x000004da       0x3c c:/iti folder/imt_sdk_win_64/winavr/bin/../lib/gcc/avr/4.3.3/avr5\libgcc.a(_lt_sf.o)
 .debug_loc     0x00000516       0x7e c:/iti folder/imt_sdk_win_64/winavr/bin/../lib/gcc/avr/4.3.3/avr5\libgcc.a(_sf_to_si.o)
 .debug_loc     0x00000594      0x13e c:/iti folder/imt_sdk_win_64/winavr/bin/../lib/gcc/avr/4.3.3/avr5\libgcc.a(_pack_sf.o)
 .debug_loc     0x000006d2       0xac c:/iti folder/imt_sdk_win_64/winavr/bin/../lib/gcc/avr/4.3.3/avr5\libgcc.a(_unpack_sf.o)
 .debug_loc     0x0000077e       0x50 c:/iti folder/imt_sdk_win_64/winavr/bin/../lib/gcc/avr/4.3.3/avr5\libgcc.a(_fpcmp_parts_sf.o)

.debug_macinfo
 *(.debug_macinfo)
OUTPUT(BCM_TASK.elf elf32-avr)
LOAD linker stubs

.debug_ranges   0x00000000       0x50
 .debug_ranges  0x00000000       0x50 c:/iti folder/imt_sdk_win_64/winavr/bin/../lib/gcc/avr/4.3.3/avr5\libgcc.a(_mul_sf.o)
